// Jest Snapshot v1, https://goo.gl/fbAQLP

exports[`matches snapshop 1`] = `
<div>
  <h1 />
  <div />
  <img
    alt={undefined}
    src={undefined}
  />
  <div />
</div>
`;
